<html>
<body>
<pre>
<h1>µVision Build Log</h1>
<h2>Project:</h2>
E:\git_repo\STM32F103_prj\STM32-FD-ADC.uvproj
Project File Date:  06/19/2017

<h2>Output:</h2>
Rebuild target 'STM32-FD-ADC'
assembling startup_stm32f10x_hd.s...
creating preprocessor file for main.c...
compiling main.c...
creating preprocessor file for stm32f10x_it.c...
compiling stm32f10x_it.c...
creating preprocessor file for stm32f10x_adc.c...
compiling stm32f10x_adc.c...
creating preprocessor file for stm32f10x_dma.c...
compiling stm32f10x_dma.c...
creating preprocessor file for stm32f10x_gpio.c...
compiling stm32f10x_gpio.c...
creating preprocessor file for stm32f10x_rcc.c...
compiling stm32f10x_rcc.c...
creating preprocessor file for stm32f10x_usart.c...
compiling stm32f10x_usart.c...
creating preprocessor file for misc.c...
compiling misc.c...
creating preprocessor file for stm32f10x_flash.c...
compiling stm32f10x_flash.c...
linking...
Program Size: Code=3880 RO-data=336 RW-data=44 ZI-data=580  
FromELF: creating hex file...
".\obj\STM32-FD-ADC.axf" - 0 Error(s), 0 Warning(s).
